[backblue.gif]
[fade.gif]
[index.html]
[blueprint-trades.com/assets/img/favicon.png]
[blueprint-trades.com/assets/css/bootstrap.min.css]
[blueprint-trades.com/assets/css/animate.min.css]
[blueprint-trades.com/assets/css/magnific-popup.css]
[blueprint-trades.com/assets/css/fontawesome-all.min.css]
[blueprint-trades.com/assets/css/flaticon.css]
[blueprint-trades.com/assets/css/odometer.css]
[blueprint-trades.com/assets/css/jarallax.css]
[blueprint-trades.com/assets/css/swiper-bundle.min.css]
[blueprint-trades.com/assets/css/slick.css]
[blueprint-trades.com/assets/css/aos.css]
[blueprint-trades.com/assets/css/default.css]
[blueprint-trades.com/assets/css/style.css]
[blueprint-trades.com/assets/css/responsive.css]
[www.smartsuppchat.com/loaderd41d.js]
[blueprint-trades.com/cdn-cgi/l/email-protection.html]
[blueprint-trades.com/contact.html]
[blueprint-trades.com/cdn-cgi/scripts/5c5dd728/cloudflare-static/email-decode.min.js]
[translate.google.com/translate_a/elementa0d8.js]
[blueprint-trades.com/index-2.html]
[blueprint-trades.com/assets/img/logo/logo.png]
[blueprint-trades.com/faq.html]
[blueprint-trades.com/privacy.html]
[blueprint-trades.com/login.html]
[blueprint-trades.com/register.html]
[blueprint-trades.com/assets/img/banner/h2_banner_img.png]
[blueprint-trades.com/assets/img/banner/h2_banner_shape01.png]
[blueprint-trades.com/assets/img/banner/h2_banner_shape02.png]
[blueprint-trades.com/assets/img/banner/h2_banner_shape03.png]
[blueprint-trades.com/assets/img/images/h2_about_img01.jpg]
[blueprint-trades.com/assets/img/images/h2_about_img02.jpg]
[blueprint-trades.com/assets/img/images/h2_about_shape01.png]
[blueprint-trades.com/assets/img/images/h2_about_shape02.png]
[blueprint-trades.com/assets/img/images/h2_about_shape03.png]
[blueprint-trades.com/assets/img/brand/brand_img01.png]
[blueprint-trades.com/assets/img/brand/brand_img02.png]
[blueprint-trades.com/assets/img/brand/brand_img03.png]
[blueprint-trades.com/assets/img/brand/brand_img04.png]
[blueprint-trades.com/assets/img/brand/brand_img05.png]
[blueprint-trades.com/assets/img/images/overview_img01.jpg]
[blueprint-trades.com/assets/img/images/overview_img02.jpg]
[blueprint-trades.com/assets/img/images/overview_img_shape.png]
[blueprint-trades.com/assets/img/images/choose_shape.png]
[blueprint-trades.com/video.mp4]
[blueprint-trades.com/video2.mp4]
[blueprint-trades.com/assets/img/bg/cta_bg.jpg]
[blueprint-trades.com/assets/img/images/pricing_shape.png]
[blueprint-trades.com/assets/img/icons/check_icon02.svg]
[blueprint-trades.com/assets/img/bg/h2_blog_bg.jpg]
[s3.tradingview.com/external-embedding/embed-widget-timeline.js]
[blueprint-trades.com/contact-us.html]
[blueprint-trades.com/cert.pdf]
[blueprint-trades.com/ukcert.pdf]
[blueprint-trades.com/assets/img/logo/w_logo.png]
[blueprint-trades.com/assets/js/vendor/jquery-3.6.0.min.js]
[blueprint-trades.com/assets/js/bootstrap.min.js]
[blueprint-trades.com/assets/js/jquery.magnific-popup.min.js]
[blueprint-trades.com/assets/js/jquery.odometer.min.js]
[blueprint-trades.com/assets/js/jquery.appear.js]
[blueprint-trades.com/assets/js/gsap.js]
[blueprint-trades.com/assets/js/ScrollTrigger.js]
[blueprint-trades.com/assets/js/SplitText.js]
[blueprint-trades.com/assets/js/gsap-animation.js]
[blueprint-trades.com/assets/js/jarallax.min.js]
[blueprint-trades.com/assets/js/jquery.parallaxScroll.min.js]
[blueprint-trades.com/assets/js/particles.min.js]
[blueprint-trades.com/assets/js/jquery.easypiechart.min.js]
[blueprint-trades.com/assets/js/jquery.inview.min.js]
[blueprint-trades.com/assets/js/swiper-bundle.min.js]
[blueprint-trades.com/assets/js/slick.min.js]
[blueprint-trades.com/assets/js/ajax-form.js]
[blueprint-trades.com/assets/js/aos.js]
[blueprint-trades.com/assets/js/wow.min.js]
[blueprint-trades.com/assets/js/main.js]
[blueprint-trades.com/index.html]
[blueprint-trades.com/assets/css/bootstrap.min.css]
[blueprint-trades.com/assets/css/animate.min.css]
[blueprint-trades.com/assets/css/magnific-popup.css]
[blueprint-trades.com/assets/fonts/fa-brands-400.eot]
[blueprint-trades.com/assets/fonts/fa-brands-400d41dd41d.eot]
[blueprint-trades.com/assets/fonts/fa-brands-400.woff]
[blueprint-trades.com/assets/fonts/fa-brands-400.ttf]
[blueprint-trades.com/assets/fonts/fa-regular-400.eot]
[blueprint-trades.com/assets/fonts/fa-regular-400d41dd41d.eot]
[blueprint-trades.com/assets/fonts/fa-brands-400.svg]
[blueprint-trades.com/assets/fonts/fa-regular-400.woff]
[blueprint-trades.com/assets/fonts/fa-regular-400.ttf]
[blueprint-trades.com/assets/fonts/fa-regular-400.svg]
[blueprint-trades.com/assets/fonts/fa-solid-900d41dd41d.eot]
[blueprint-trades.com/assets/fonts/fa-solid-900.eot]
[blueprint-trades.com/assets/fonts/fa-solid-900.ttf]
[blueprint-trades.com/assets/fonts/fa-solid-900.woff]
[blueprint-trades.com/assets/css/fontawesome-all.min.css]
[blueprint-trades.com/assets/fonts/fa-solid-900.svg]
[blueprint-trades.com/assets/fonts/flaticon.eot]
[blueprint-trades.com/assets/fonts/flaticond41dd41d.eot]
[blueprint-trades.com/assets/fonts/flaticon.woff]
[blueprint-trades.com/assets/fonts/flaticon.ttf]
[blueprint-trades.com/assets/css/flaticon.css]
[blueprint-trades.com/assets/css/odometer.css]
[blueprint-trades.com/assets/css/jarallax.css]
[blueprint-trades.com/assets/css/swiper-bundle.min.css]
[blueprint-trades.com/assets/css/slick.css]
[blueprint-trades.com/assets/css/aos.css]
[blueprint-trades.com/assets/css/default.css]
[blueprint-trades.com/assets/fonts/flaticon.svg]
[blueprint-trades.com/assets/img/icons/right-arrow.svg]
[blueprint-trades.com/assets/img/images/mask_img.png]
[blueprint-trades.com/assets/img/images/mask_img02.png]
[blueprint-trades.com/assets/css/style.css]
[blueprint-trades.com/assets/css/responsive.css]
[blueprint-trades.com/cdn-cgi/l/email-protection.html]
[blueprint-trades.com/assets/img/images/breadcrumb_shape01.png]
[blueprint-trades.com/assets/img/images/breadcrumb_shape02.png]
[blueprint-trades.com/assets/img/images/contact_shape.png]
[blueprint-trades.com/contact.html]
[blueprint-trades.com/index-2.html]
[blueprint-trades.com/assets/img/bg/footer_bg.jpg]
[blueprint-trades.com/faq.html]
[blueprint-trades.com/privacy.html]
[blueprint-trades.com/login.html]
[blueprint-trades.com/register.html]
[blueprint-trades.com/assets/img/icons/check_icon02.svg]
[blueprint-trades.com/contact-us.html]
[blueprint-trades.com/assets/fonts/fa-brands-400.html]
[blueprint-trades.com/assets/fonts/fa-brands-400.svg]
[blueprint-trades.com/assets/fonts/fa-regular-400.html]
[blueprint-trades.com/assets/fonts/fa-regular-400.svg]
[blueprint-trades.com/assets/fonts/fa-solid-900.html]
[blueprint-trades.com/forgot.html]
[blueprint-trades.com/assets/fonts/fa-solid-900.svg]
[blueprint-trades.com/assets/fonts/flaticon.html]
[blueprint-trades.com/assets/fonts/flaticon.svg]
[blueprint-trades.com/assets/img/icons/right-arrow.svg]
[blueprint-trades.com/forgot.html]
